main.c:71:6:delay_us	16	static
main.c:77:6:HAL_GPIO_EXTI_Callback	16	static
main.c:145:8:init_motion	24	static
main.c:101:5:main	40	static
main.c:175:7:sonic_sense	40	static
main.c:206:10:pos	40	static
main.c:231:10:speed	32	static
main.c:254:10:write	32	static
main.c:273:10:alcohol_motion	24	static
main.c:352:10:clearning_motion	32	static
main.c:541:6:SystemClock_Config	88	static
main.c:586:13:MX_TIM1_Init	96	static
main.c:665:13:MX_TIM2_Init	32	static
main.c:710:13:MX_TIM3_Init	64	static
main.c:773:13:MX_USART2_UART_Init	8	static
main.c:806:13:MX_USART6_UART_Init	8	static
main.c:839:13:MX_GPIO_Init	48	static
main.c:901:5:_write	24	static
main.c:912:6:Error_Handler	4	static,ignoring_inline_asm
