main.c:71:6:delay_us	16	static
main.c:77:6:HAL_GPIO_EXTI_Callback	16	static
main.c:101:5:main	40	static
main.c:206:10:pos	40	static
main.c:254:10:write	32	static
main.c:273:10:alcohol_motion	24	static
main.c:467:6:SystemClock_Config	88	static
main.c:512:13:MX_TIM1_Init	96	static
main.c:591:13:MX_TIM2_Init	32	static
main.c:636:13:MX_TIM3_Init	64	static
main.c:699:13:MX_USART2_UART_Init	8	static
main.c:732:13:MX_USART6_UART_Init	8	static
main.c:765:13:MX_GPIO_Init	48	static
main.c:827:5:_write	24	static
main.c:838:6:Error_Handler	4	static,ignoring_inline_asm
