main.c:103:9:pos2enc_tg	24	static
main.c:70:5:main	64	static
main.c:109:8:pos	40	static
main.c:156:8:torque	32	static
main.c:180:8:write	32	static
main.c:198:8:read	32	static
main.c:214:7:torque_calc	24	static
main.c:292:6:SystemClock_Config	88	static
main.c:337:13:MX_USART2_UART_Init	8	static
main.c:370:13:MX_USART6_UART_Init	8	static
main.c:403:13:MX_GPIO_Init	48	static
main.c:442:6:HAL_UART_RxCpltCallback	16	static
main.c:448:5:_write	24	static
main.c:460:6:Error_Handler	4	static,ignoring_inline_asm
